// Jest Snapshot v1, https://goo.gl/fbAQLP

exports[`Drawer matches snapshot 1`] = `
<div>
  <div
    class="Drawer"
  >
    <p>
      Drawer component working!
    </p>
    <div />
  </div>
</div>
`;
