// Jest Snapshot v1, https://goo.gl/fbAQLP

exports[`RadioGroup matches snapshot 1`] = `
<div>
  <div
    class="RadioGroup"
  >
    <p>
      RadioGroup component working!
    </p>
    <div />
  </div>
</div>
`;
