// Jest Snapshot v1, https://goo.gl/fbAQLP

exports[`Diaglog matches snapshot 1`] = `
<div>
  <div
    class="Diaglog"
  >
    <p>
      Diaglog component working!
    </p>
    <div />
  </div>
</div>
`;
