// Jest Snapshot v1, https://goo.gl/fbAQLP

exports[`TabPane matches snapshot 1`] = `
<div>
  <div
    class="TabPane"
  >
    <p>
      TabPane component working!
    </p>
    <div />
  </div>
</div>
`;
