// Jest Snapshot v1, https://goo.gl/fbAQLP

exports[`Message matches snapshot 1`] = `
<div>
  <div
    class="Message"
  >
    <p>
      Message component working!
    </p>
    <div />
  </div>
</div>
`;
