// Jest Snapshot v1, https://goo.gl/fbAQLP

exports[`ToastGroup matches snapshot 1`] = `
<div>
  <div
    class="ToastGroup"
  >
    <p>
      ToastGroup component working!
    </p>
    <div />
  </div>
</div>
`;
