// Jest Snapshot v1, https://goo.gl/fbAQLP

exports[`Accordion matches snapshot 1`] = `
<div>
  <div
    class="Accordion"
  >
    <p>
      Accordion component working!
    </p>
    <div />
  </div>
</div>
`;
