// Jest Snapshot v1, https://goo.gl/fbAQLP

exports[`DataTable matches snapshot 1`] = `
<div>
  <div
    class="DataTable"
  >
    <p>
      DataTable component working!
    </p>
    <div />
  </div>
</div>
`;
