// Jest Snapshot v1, https://goo.gl/fbAQLP

exports[`Spinner matches snapshot 1`] = `
<div>
  <div
    class="Spinner"
  >
    <p>
      Spinner component working!
    </p>
    <div />
  </div>
</div>
`;
