// Jest Snapshot v1, https://goo.gl/fbAQLP

exports[`DropdownGroup matches snapshot 1`] = `
<div>
  <div
    class="DropdownGroup"
  >
    <p>
      DropdownGroup component working!
    </p>
    <div />
  </div>
</div>
`;
