// Jest Snapshot v1, https://goo.gl/fbAQLP

exports[`Popover matches snapshot 1`] = `
<div>
  <div
    class="Popover"
  >
    <p>
      Popover component working!
    </p>
    <div />
  </div>
</div>
`;
