// Jest Snapshot v1, https://goo.gl/fbAQLP

exports[`Select matches snapshot 1`] = `
<div>
  <div
    class="Select"
  >
    <p>
      Select component working!
    </p>
    <div />
  </div>
</div>
`;
