// Jest Snapshot v1, https://goo.gl/fbAQLP

exports[`Scrollarea matches snapshot 1`] = `
<div>
  <div
    class="Scrollarea"
  >
    <p>
      Scrollarea component working!
    </p>
    <div />
  </div>
</div>
`;
