// Jest Snapshot v1, https://goo.gl/fbAQLP

exports[`Wrapper matches snapshot 1`] = `
<div>
  <div
    class="Wrapper"
  />
</div>
`;
