// Jest Snapshot v1, https://goo.gl/fbAQLP

exports[`Tabs matches snapshot 1`] = `
<div>
  <div
    class="Tabs"
  >
    <p>
      Tabs component working!
    </p>
    <div />
  </div>
</div>
`;
