// Jest Snapshot v1, https://goo.gl/fbAQLP

exports[`AlertDialog matches snapshot 1`] = `
<div>
  <div
    class="AlertDialog"
  >
    <p>
      AlertDialog component working!
    </p>
    <div />
  </div>
</div>
`;
