// Jest Snapshot v1, https://goo.gl/fbAQLP

exports[`Button matches snapshot 1`] = `
<div>
  <div
    class="Button"
  >
    <p>
      Button component working!
    </p>
    <div />
  </div>
</div>
`;
