// Jest Snapshot v1, https://goo.gl/fbAQLP

exports[`Videoplayer matches snapshot 1`] = `
<div>
  <div
    class="Videoplayer"
  >
    <p>
      Videoplayer component working!
    </p>
    <div />
  </div>
</div>
`;
