// Jest Snapshot v1, https://goo.gl/fbAQLP

exports[`Page matches snapshot 1`] = `
<div>
  <div
    class="Page"
  />
</div>
`;
