// Jest Snapshot v1, https://goo.gl/fbAQLP

exports[`Command matches snapshot 1`] = `
<div>
  <div
    class="Command"
  >
    <p>
      Command component working!
    </p>
    <div />
  </div>
</div>
`;
