// Jest Snapshot v1, https://goo.gl/fbAQLP

exports[`Radio matches snapshot 1`] = `
<div>
  <div
    class="Radio"
  >
    <p>
      Radio component working!
    </p>
    <div />
  </div>
</div>
`;
