// Jest Snapshot v1, https://goo.gl/fbAQLP

exports[`Tag matches snapshot 1`] = `
<div>
  <div
    class="Tag"
  >
    <p>
      Tag component working!
    </p>
    <div />
  </div>
</div>
`;
