// Jest Snapshot v1, https://goo.gl/fbAQLP

exports[`DonutChart matches snapshot 1`] = `
<div>
  <div
    class="DonutChart"
  >
    <p>
      DonutChart component working!
    </p>
    <div />
  </div>
</div>
`;
