// Jest Snapshot v1, https://goo.gl/fbAQLP

exports[`Paragraph matches snapshot 1`] = `
<div>
  <div
    class="Paragraph"
  >
    <p>
      Paragraph component working!
    </p>
    <div />
  </div>
</div>
`;
