// Jest Snapshot v1, https://goo.gl/fbAQLP

exports[`Tooltip matches snapshot 1`] = `
<div>
  <div
    class="Tooltip"
  >
    <p>
      Tooltip component working!
    </p>
    <div />
  </div>
</div>
`;
