// Jest Snapshot v1, https://goo.gl/fbAQLP

exports[`DatePicker matches snapshot 1`] = `
<div>
  <div
    class="DatePicker"
  >
    <p>
      DatePicker component working!
    </p>
    <div />
  </div>
</div>
`;
