// Jest Snapshot v1, https://goo.gl/fbAQLP

exports[`Textarea matches snapshot 1`] = `
<div>
  <div
    class="Textarea"
  >
    <p>
      Textarea component working!
    </p>
    <div />
  </div>
</div>
`;
