// Jest Snapshot v1, https://goo.gl/fbAQLP

exports[`HoverCard matches snapshot 1`] = `
<div>
  <div
    class="HoverCard"
  >
    <p>
      HoverCard component working!
    </p>
    <div />
  </div>
</div>
`;
