// Jest Snapshot v1, https://goo.gl/fbAQLP

exports[`ButtonDropdown matches snapshot 1`] = `
<div>
  <div
    class="ButtonDropdown"
  >
    <p>
      ButtonDropdown component working!
    </p>
    <div />
  </div>
</div>
`;
