// Jest Snapshot v1, https://goo.gl/fbAQLP

exports[`Anchor matches snapshot 1`] = `
<div>
  <div
    class="Anchor"
  >
    <p>
      Anchor component working!
    </p>
    <div />
  </div>
</div>
`;
