// Jest Snapshot v1, https://goo.gl/fbAQLP

exports[`TabGroup matches snapshot 1`] = `
<div>
  <div
    class="TabGroup"
  >
    <p>
      TabGroup component working!
    </p>
    <div />
  </div>
</div>
`;
