// Jest Snapshot v1, https://goo.gl/fbAQLP

exports[`Modal matches snapshot 1`] = `
<div>
  <div
    class="Modal"
  >
    <p>
      Modal component working!
    </p>
    <div />
  </div>
</div>
`;
