// Jest Snapshot v1, https://goo.gl/fbAQLP

exports[`InputHint matches snapshot 1`] = `
<div>
  <div
    class="InputHint"
  />
</div>
`;
