// Jest Snapshot v1, https://goo.gl/fbAQLP

exports[`List matches snapshot 1`] = `
<div>
  <div
    class="List"
  >
    <p>
      List component working!
    </p>
    <div />
  </div>
</div>
`;
