// Jest Snapshot v1, https://goo.gl/fbAQLP

exports[`Breadcrumbs matches snapshot 1`] = `
<div>
  <div
    class="Breadcrumbs"
  >
    <p>
      Breadcrumbs component working!
    </p>
    <div />
  </div>
</div>
`;
