// Jest Snapshot v1, https://goo.gl/fbAQLP

exports[`CommandMenu matches snapshot 1`] = `
<div>
  <div
    class="CommandMenu"
  >
    <p>
      CommandMenu component working!
    </p>
    <div />
  </div>
</div>
`;
